---
http_interactions:
- request:
    method: post
    uri: https://api-alpha.work-api.com/users
    body:
      encoding: UTF-8
      string: '{"data":{"attributes":{"arbitrary_id":"create_user_dupe@livil.co","environment_guid":"31d6543f-5e26-4203-a258-011b5032a1c6"},"type":"user"}}'
    headers:
      Authorization:
      - Bearer eyJhbGciOiJSUzI1NiJ9.eyJleHAiOjE1ODI4OTM5MTIsImlhdCI6MTU4Mjg5Mzg1MiwiaXNzIjoiV29ya0FQSSIsInVzZXIiOnsiZW52aXJvbm1lbnRfZ3VpZCI6IjMxZDY1NDNmLTVlMjYtNDIwMy1hMjU4LTAxMWI1MDMyYTFjNiJ9fQ.CYxxALH_a1KIN70_nwjTfO8EdoONl8oOlY87SWMuo_LcJp9a80F2hhHQEDjv-cFwiaB4Ift6rhLrGzXR0l4itpsjR2sDQLhQc06Gkoq_4Ubh4FLIz2o5JC4agVaWuNJJFDcRHrsAAdGJjusyfWwu4ZsINy84rvC8Ljl1fVjrFIqwIE_P1cHOcErZx3sA9AwrZ5oGIxLIJIeph2vONZZ5MaN4QcTKb8Nw3l-c6AWA4B_FvnSBk11i4NSuOf6Y1Z-gMdQa4kX37TGOehIu6H5ovvJpCw2FsG22ffmrR_iePEygytemEp1QmmHJxo25EGUuQB6rikSdZUQORMB0QOtzHA
      Accept:
      - application/vnd.api+json
      User-Agent:
      - Faraday v0.15.4
      Content-Type:
      - application/vnd.api+json
      Accept-Encoding:
      - gzip;q=1.0,deflate;q=0.6,identity;q=0.3
  response:
    status:
      code: 409
      message: Conflict
    headers:
      Server:
      - Cowboy
      Connection:
      - keep-alive
      Date:
      - Fri, 28 Feb 2020 12:44:13 GMT
      Content-Type:
      - application/vnd.api+json
      Content-Length:
      - '126'
      Vary:
      - Origin
      Via:
      - 1.1 vegur
    body:
      encoding: UTF-8
      string: '{"errors":[{"code":"user_already_exists_error","detail":"a user with
        that ID already exists in the specified environment: "}]}'
    http_version: null
  recorded_at: Fri, 28 Feb 2020 12:44:14 GMT
- request:
    method: post
    uri: https://api-alpha.work-api.com/users
    body:
      encoding: UTF-8
      string: '{"attributes":{"arbitrary_id":"create_user_dupe@livil.co","environment_guid":"31d6543f-5e26-4203-a258-011b5032a1c6"},"type":"user"}'
    headers:
      Authorization:
      - Bearer eyJhbGciOiJSUzI1NiJ9.eyJleHAiOjE1ODM5NDM5MTIsImlhdCI6MTU4Mzk0Mzg1MiwiaXNzIjoiV29ya0FQSSIsInVzZXIiOnsiZW52aXJvbm1lbnRfZ3VpZCI6IjMxZDY1NDNmLTVlMjYtNDIwMy1hMjU4LTAxMWI1MDMyYTFjNiJ9fQ.C6taWb4D7I0Dv1eMN5BmXzGoycHsiMM1SUVJyED_td8l_iojJcrpJU_jXseu_gfdc00V2JX4qu-P80Hzgnl19S_Lgran12wKZjDjHsu69w1qdiDOqjgAdkHbzxDMibOkUqBbEVSlHOTWCwzF1N5MHCuawcEI_y2LJSol6vQ4DPKsP7hz4IMXIY96xAcPQlGo_1N_M2aMqg-M5qrBP2INfNaGFq0ZY1e8zOSx4kRcpZO3a9hC9_W3Q1D82rHZyb8vKSAX95DtcguRrcipxZfdBYb91lqIWVnPWVME1A8aevWR9sE9q-P7CBi-eagSEcTyo_6GuRZzDgPYBoos6qTxOw
      Accept:
      - application/vnd.api+json
      User-Agent:
      - Faraday v0.15.4
      Content-Type:
      - application/vnd.api+json
      Accept-Encoding:
      - gzip;q=1.0,deflate;q=0.6,identity;q=0.3
  response:
    status:
      code: 404
      message: Not Found
    headers:
      Server:
      - Cowboy
      Connection:
      - keep-alive
      Date:
      - Wed, 11 Mar 2020 16:24:12 GMT
      Content-Type:
      - application/vnd.api+json
      Content-Length:
      - '174'
      Vary:
      - Origin
      Via:
      - 1.1 vegur
    body:
      encoding: UTF-8
      string: '{"errors":[{"code":"environment_not_found_error","detail":"the remote
        resource could not be found: the remote resource could not be found: Spico::EnvironmentNotFoundError"}]}'
    http_version: null
  recorded_at: Wed, 11 Mar 2020 16:24:12 GMT
- request:
    method: get
    uri: https://api-alpha.work-api.com/users/reauth?path_to_private_key=/repos/spico/livil_api/keys/livil-31d6543f-5e26-4203-a258-011b5032a1c6.pem
    body:
      encoding: US-ASCII
      string: ''
    headers:
      Authorization:
      - Bearer eyJhbGciOiJIUzI1NiJ9.eyJleHAiOjE1ODU3NTY0NDMsImlhdCI6MTU4MzMzNzI0MywiaXNzIjoiU1BJQ08gQWNjb3VudCIsInVzZXIiOnsiaWQiOiI1ZTRhYmQzYjJjMjgwYTAwMWUzMjFkODgiLCJhcmJpdHJhcnlfaWQiOiJ0ZXN0NDc1NDk5MEB3b3JrLWFwaS5jb20ifX0.3SS3-tLHDZ0oWMlqrHQZV7RIC13c6I9SbPq-YBBschs
      Accept:
      - application/vnd.api+json
      User-Agent:
      - Faraday v0.15.4
      Accept-Encoding:
      - gzip;q=1.0,deflate;q=0.6,identity;q=0.3
  response:
    status:
      code: 405
      message: Method Not Allowed
    headers:
      Server:
      - Cowboy
      Connection:
      - keep-alive
      Date:
      - Wed, 18 Mar 2020 14:00:56 GMT
      Content-Type:
      - application/vnd.api+json
      Allow:
      - OPTIONS, POST
      Content-Length:
      - '27'
      Vary:
      - Origin
      Via:
      - 1.1 vegur
    body:
      encoding: UTF-8
      string: '{"error":"405 Not Allowed"}'
    http_version: null
  recorded_at: Wed, 18 Mar 2020 14:00:56 GMT
- request:
    method: get
    uri: https://api-alpha.work-api.com/users/reauth
    body:
      encoding: US-ASCII
      string: ''
    headers:
      Authorization:
      - Bearer eyJhbGciOiJSUzI1NiJ9.eyJleHAiOjE1ODQ1NDAyOTEsImlhdCI6MTU4NDU0MDIzMSwiaXNzIjoiTGl2aWwgUnVieSBTREsgdjAuMS4wIiwidXNlciI6eyJlbnZpcm9ubWVudF9ndWlkIjoiMzFkNjU0M2YtNWUyNi00MjAzLWEyNTgtMDExYjUwMzJhMWM2In19.pKPqR_CrGrKljhCBBJONX4JEZsTbSiCwV-6otCkna55d9DDZKqpS5N6hJ--4FO9nURQsUu_CgtMM4XTbuag9mJmiiV2tZTxo3wsLzuH56x02lbVcZtN8n8sIIoaG4d4WNNIaezQnDsQbl5RNC2D43agjwlYOhCW6w2Ji9c5VRO0fzcDo4wLsR1piojg_7SLBmOJg6691ovQ_uKoXUkHNSl3mA_wF7b8D5BW25WHWme2GTgylsBZ4dLL7zz6YrSDhjVDdM1sSY0R3dKc3xHaA-x35iHsLifPqB9zwFRT3pycHbJHUgv1BuWCp3xF_V18crmgMR4bqnhpExYt7IrFHFA
      Accept:
      - application/vnd.api+json
      User-Agent:
      - Faraday v0.15.4
      Accept-Encoding:
      - gzip;q=1.0,deflate;q=0.6,identity;q=0.3
  response:
    status:
      code: 405
      message: Method Not Allowed
    headers:
      Server:
      - Cowboy
      Connection:
      - keep-alive
      Date:
      - Wed, 18 Mar 2020 14:03:51 GMT
      Content-Type:
      - application/vnd.api+json
      Allow:
      - OPTIONS, POST
      Content-Length:
      - '27'
      Vary:
      - Origin
      Via:
      - 1.1 vegur
    body:
      encoding: UTF-8
      string: '{"error":"405 Not Allowed"}'
    http_version: null
  recorded_at: Wed, 18 Mar 2020 14:03:51 GMT
- request:
    method: post
    uri: https://api-alpha.work-api.com/users/reauth
    body:
      encoding: UTF-8
      string: '{"data":{"attributes":{"arbitrary_id":"create_user_dupe@livil.co","environment_guid":"31d6543f-5e26-4203-a258-011b5032a1c6"},"type":"user"}}'
    headers:
      Authorization:
      - Bearer eyJhbGciOiJSUzI1NiJ9.eyJleHAiOjE1ODQ1NDAzMzQsImlhdCI6MTU4NDU0MDI3NCwiaXNzIjoiTGl2aWwgUnVieSBTREsgdjAuMS4wIiwidXNlciI6eyJlbnZpcm9ubWVudF9ndWlkIjoiMzFkNjU0M2YtNWUyNi00MjAzLWEyNTgtMDExYjUwMzJhMWM2In19.ZMC-WEo6r1ZpX5UdrCJuiuW-l_McbUq7yN2eKPiLF09iWFCmgoSaxZDHIhWqJnGtUxNqjB9wocEDa-4hwetWIsdKbMsshEWI9632GGesn7FHCTrVLAsrFx73zZ2D0sem1PXwFztr-bKwXOsbOb1bZVMq2Pz7MyebZOrZKkZIjkpLbfBBJlJ5UqiUp9WoWteAgdwK0pQ05uVMOiIISr2IsKXeKMj73lowN-Gv4FvGNFC-owNHmIFeczFiS6AIrTgv625sG43sFqEuNf-_yr5Q8nYLdvsCdYEfUk6cefZp81MYx6NGMYJ02ndSKX_hs1qttHlI657XiOzdrY3oL2b4BQ
      Accept:
      - application/vnd.api+json
      User-Agent:
      - Faraday v0.15.4
      Content-Type:
      - application/vnd.api+json
      Accept-Encoding:
      - gzip;q=1.0,deflate;q=0.6,identity;q=0.3
  response:
    status:
      code: 401
      message: Unauthorized
    headers:
      Server:
      - Cowboy
      Connection:
      - keep-alive
      Date:
      - Wed, 18 Mar 2020 14:04:34 GMT
      Content-Type:
      - application/vnd.api+json
      Content-Length:
      - '161'
      Vary:
      - Origin
      Via:
      - 1.1 vegur
    body:
      encoding: UTF-8
      string: '{"errors":[{"code":"invalid_token_error","detail":"the supplied auth
        token is invalid: the supplied auth token is invalid: +arbitrary_id+ is missing
        from APT"}]}'
    http_version: null
  recorded_at: Wed, 18 Mar 2020 14:04:34 GMT
recorded_with: VCR 5.1.0
